// Jest Snapshot v1, https://goo.gl/fbAQLP

exports[`Profile match snapshot 1`] = `
<div>
  <div>
    <b>
      me
    </b>
    Â 
    <span>
      (
      test
      )
    </span>
  </div>
</div>
`;
